  Determining projects to restore...
  Restored d:\Projects\FloosyWeb\FloosyWeb\FloosyWeb.csproj (in 489 ms).
  FloosyWeb -> d:\Projects\FloosyWeb\FloosyWeb\bin\Debug\net10.0\FloosyWeb.dll
  FloosyWeb (Blazor output) -> d:\Projects\FloosyWeb\FloosyWeb\bin\Debug\net10.0\wwwroot

Build succeeded.
    0 Warning(s)
    0 Error(s)

Time Elapsed 00:00:07.51
